{
  "name": "Carol Danvers",
  "superHeroName": "Captain Marvel",
  "universe": "MCU",
  "id": "d8a4b8c7-42dd-41e0-af9b-d5074e607787",
  "creationInstance": "2022-07-07T23:48:01.090993100Z"
}