{
  "name": "Peter Parker",
  "superHeroName": "Spider Man",
  "universe": "Marvel"
}